// Jest Snapshot v1, https://goo.gl/fbAQLP

exports[`Snapshot of the entire stack 1`] = `
{
  "Outputs": {
    "RestApiEndpoint0551178A": {
      "Value": {
        "Fn::Join": [
          "",
          [
            "https://",
            {
              "Ref": "RestApi0C43BF4B",
            },
            ".execute-api.",
            {
              "Ref": "AWS::Region",
            },
            ".",
            {
              "Ref": "AWS::URLSuffix",
            },
            "/",
            {
              "Ref": "RestApiDeploymentStageprod3855DE66",
            },
            "/",
          ],
        ],
      },
    },
  },
  "Parameters": {
    "BootstrapVersion": {
      "Default": "/cdk-bootstrap/hnb659fds/version",
      "Description": "Version of the CDK Bootstrap resources in this environment, automatically retrieved from SSM Parameter Store. [cdk:skip]",
      "Type": "AWS::SSM::Parameter::Value<String>",
    },
  },
  "Resources": {
    "FillTableFunctionC9753E28": {
      "DependsOn": [
        "FillTableFunctionServiceRoleDefaultPolicy125A3C22",
        "FillTableFunctionServiceRole25DC27CB",
      ],
      "Properties": {
        "Code": {
          "S3Bucket": {
            "Fn::Sub": "cdk-hnb659fds-assets-\${AWS::AccountId}-\${AWS::Region}",
          },
          "S3Key": "2ecdef2e3686b07ca6512b2fe975a403e7099799e21f684722b8e6deac284ae6.zip",
        },
        "Environment": {
          "Variables": {
            "TABLE_NAME": {
              "Ref": "TableCD117FA1",
            },
            "TOPIC_ARN": {
              "Ref": "orderTopic24071389",
            },
          },
        },
        "Handler": "index.handler",
        "Role": {
          "Fn::GetAtt": [
            "FillTableFunctionServiceRole25DC27CB",
            "Arn",
          ],
        },
        "Runtime": "nodejs20.x",
      },
      "Type": "AWS::Lambda::Function",
    },
    "FillTableFunctionServiceRole25DC27CB": {
      "Properties": {
        "AssumeRolePolicyDocument": {
          "Statement": [
            {
              "Action": "sts:AssumeRole",
              "Effect": "Allow",
              "Principal": {
                "Service": "lambda.amazonaws.com",
              },
            },
          ],
          "Version": "2012-10-17",
        },
        "ManagedPolicyArns": [
          {
            "Fn::Join": [
              "",
              [
                "arn:",
                {
                  "Ref": "AWS::Partition",
                },
                ":iam::aws:policy/service-role/AWSLambdaBasicExecutionRole",
              ],
            ],
          },
        ],
      },
      "Type": "AWS::IAM::Role",
    },
    "FillTableFunctionServiceRoleDefaultPolicy125A3C22": {
      "Properties": {
        "PolicyDocument": {
          "Statement": [
            {
              "Action": "sns:Publish",
              "Effect": "Allow",
              "Resource": {
                "Ref": "orderTopic24071389",
              },
            },
            {
              "Action": [
                "dynamodb:BatchWriteItem",
                "dynamodb:PutItem",
                "dynamodb:UpdateItem",
                "dynamodb:DeleteItem",
                "dynamodb:DescribeTable",
              ],
              "Effect": "Allow",
              "Resource": [
                {
                  "Fn::GetAtt": [
                    "TableCD117FA1",
                    "Arn",
                  ],
                },
                {
                  "Ref": "AWS::NoValue",
                },
              ],
            },
          ],
          "Version": "2012-10-17",
        },
        "PolicyName": "FillTableFunctionServiceRoleDefaultPolicy125A3C22",
        "Roles": [
          {
            "Ref": "FillTableFunctionServiceRole25DC27CB",
          },
        ],
      },
      "Type": "AWS::IAM::Policy",
    },
    "RestApi0C43BF4B": {
      "Properties": {
        "Name": "OrdersApi",
      },
      "Type": "AWS::ApiGateway::RestApi",
    },
    "RestApiAccount7C83CF5A": {
      "DeletionPolicy": "Retain",
      "DependsOn": [
        "RestApi0C43BF4B",
      ],
      "Properties": {
        "CloudWatchRoleArn": {
          "Fn::GetAtt": [
            "RestApiCloudWatchRoleE3ED6605",
            "Arn",
          ],
        },
      },
      "Type": "AWS::ApiGateway::Account",
      "UpdateReplacePolicy": "Retain",
    },
    "RestApiCloudWatchRoleE3ED6605": {
      "DeletionPolicy": "Retain",
      "Properties": {
        "AssumeRolePolicyDocument": {
          "Statement": [
            {
              "Action": "sts:AssumeRole",
              "Effect": "Allow",
              "Principal": {
                "Service": "apigateway.amazonaws.com",
              },
            },
          ],
          "Version": "2012-10-17",
        },
        "ManagedPolicyArns": [
          {
            "Fn::Join": [
              "",
              [
                "arn:",
                {
                  "Ref": "AWS::Partition",
                },
                ":iam::aws:policy/service-role/AmazonAPIGatewayPushToCloudWatchLogs",
              ],
            ],
          },
        ],
      },
      "Type": "AWS::IAM::Role",
      "UpdateReplacePolicy": "Retain",
    },
    "RestApiDeployment180EC503702ca2685982bb19cf56a1698ee1380b": {
      "DependsOn": [
        "RestApiorderPOST6B9C6E9D",
        "RestApiorder8B1A6481",
      ],
      "Metadata": {
        "aws:cdk:do-not-refactor": true,
      },
      "Properties": {
        "Description": "Automatically created by the RestApi construct",
        "RestApiId": {
          "Ref": "RestApi0C43BF4B",
        },
      },
      "Type": "AWS::ApiGateway::Deployment",
    },
    "RestApiDeploymentStageprod3855DE66": {
      "DependsOn": [
        "RestApiAccount7C83CF5A",
      ],
      "Properties": {
        "DeploymentId": {
          "Ref": "RestApiDeployment180EC503702ca2685982bb19cf56a1698ee1380b",
        },
        "RestApiId": {
          "Ref": "RestApi0C43BF4B",
        },
        "StageName": "prod",
      },
      "Type": "AWS::ApiGateway::Stage",
    },
    "RestApiorder8B1A6481": {
      "Properties": {
        "ParentId": {
          "Fn::GetAtt": [
            "RestApi0C43BF4B",
            "RootResourceId",
          ],
        },
        "PathPart": "order",
        "RestApiId": {
          "Ref": "RestApi0C43BF4B",
        },
      },
      "Type": "AWS::ApiGateway::Resource",
    },
    "RestApiorderPOST6B9C6E9D": {
      "Properties": {
        "AuthorizationType": "NONE",
        "HttpMethod": "POST",
        "Integration": {
          "IntegrationHttpMethod": "POST",
          "Type": "AWS_PROXY",
          "Uri": {
            "Fn::Join": [
              "",
              [
                "arn:",
                {
                  "Ref": "AWS::Partition",
                },
                ":apigateway:",
                {
                  "Ref": "AWS::Region",
                },
                ":lambda:path/2015-03-31/functions/",
                {
                  "Fn::GetAtt": [
                    "FillTableFunctionC9753E28",
                    "Arn",
                  ],
                },
                "/invocations",
              ],
            ],
          },
        },
        "ResourceId": {
          "Ref": "RestApiorder8B1A6481",
        },
        "RestApiId": {
          "Ref": "RestApi0C43BF4B",
        },
      },
      "Type": "AWS::ApiGateway::Method",
    },
    "RestApiorderPOSTApiPermissionMySnapshotStackRestApiDEEC7F95POSTorder62FE1DFD": {
      "Properties": {
        "Action": "lambda:InvokeFunction",
        "FunctionName": {
          "Fn::GetAtt": [
            "FillTableFunctionC9753E28",
            "Arn",
          ],
        },
        "Principal": "apigateway.amazonaws.com",
        "SourceArn": {
          "Fn::Join": [
            "",
            [
              "arn:",
              {
                "Ref": "AWS::Partition",
              },
              ":execute-api:",
              {
                "Ref": "AWS::Region",
              },
              ":",
              {
                "Ref": "AWS::AccountId",
              },
              ":",
              {
                "Ref": "RestApi0C43BF4B",
              },
              "/",
              {
                "Ref": "RestApiDeploymentStageprod3855DE66",
              },
              "/POST/order",
            ],
          ],
        },
      },
      "Type": "AWS::Lambda::Permission",
    },
    "RestApiorderPOSTApiPermissionTestMySnapshotStackRestApiDEEC7F95POSTorder7A7D7154": {
      "Properties": {
        "Action": "lambda:InvokeFunction",
        "FunctionName": {
          "Fn::GetAtt": [
            "FillTableFunctionC9753E28",
            "Arn",
          ],
        },
        "Principal": "apigateway.amazonaws.com",
        "SourceArn": {
          "Fn::Join": [
            "",
            [
              "arn:",
              {
                "Ref": "AWS::Partition",
              },
              ":execute-api:",
              {
                "Ref": "AWS::Region",
              },
              ":",
              {
                "Ref": "AWS::AccountId",
              },
              ":",
              {
                "Ref": "RestApi0C43BF4B",
              },
              "/test-invoke-stage/POST/order",
            ],
          ],
        },
      },
      "Type": "AWS::Lambda::Permission",
    },
    "TableCD117FA1": {
      "DeletionPolicy": "Retain",
      "Properties": {
        "AttributeDefinitions": [
          {
            "AttributeName": "PK",
            "AttributeType": "S",
          },
          {
            "AttributeName": "SK",
            "AttributeType": "S",
          },
        ],
        "KeySchema": [
          {
            "AttributeName": "PK",
            "KeyType": "HASH",
          },
          {
            "AttributeName": "SK",
            "KeyType": "RANGE",
          },
        ],
        "ProvisionedThroughput": {
          "ReadCapacityUnits": 5,
          "WriteCapacityUnits": 5,
        },
      },
      "Type": "AWS::DynamoDB::Table",
      "UpdateReplacePolicy": "Retain",
    },
    "orderSubscriptionAEE96969": {
      "Properties": {
        "Endpoint": "for.kfdbg@gmail.com",
        "Protocol": "email",
        "TopicArn": {
          "Ref": "orderTopic24071389",
        },
      },
      "Type": "AWS::SNS::Subscription",
    },
    "orderTopic24071389": {
      "Type": "AWS::SNS::Topic",
    },
  },
  "Rules": {
    "CheckBootstrapVersion": {
      "Assertions": [
        {
          "Assert": {
            "Fn::Not": [
              {
                "Fn::Contains": [
                  [
                    "1",
                    "2",
                    "3",
                    "4",
                    "5",
                  ],
                  {
                    "Ref": "BootstrapVersion",
                  },
                ],
              },
            ],
          },
          "AssertDescription": "CDK bootstrap stack version 6 required. Please run 'cdk bootstrap' with a recent version of the CDK CLI.",
        },
      ],
    },
  },
}
`;
